// Jest Snapshot v1, https://goo.gl/fbAQLP

exports[`Renderiza BasicPagination corretamente 1`] = `
<div
  onClick={[MockFunction]}
>
  1
  10
</div>
`;
