// Jest Snapshot v1, https://goo.gl/fbAQLP

exports[`<CardReview/> Renderização deve renderizar CardReview corretamente 1`] = `
<div
  className="MuiPaper-root MuiPaper-elevation MuiPaper-rounded MuiPaper-elevation1 MuiCard-root css-1lq2m3b-MuiPaper-root-MuiCard-root"
>
  <div
    className="MuiCardHeader-root css-185gdzj-MuiCardHeader-root"
  >
    <div
      className="MuiCardHeader-avatar css-1ssile9-MuiCardHeader-avatar"
    >
      <div
        aria-label="recipe"
        className="MuiAvatar-root MuiAvatar-circular MuiAvatar-colorDefault css-nq71by-MuiAvatar-root"
      >
        C
      </div>
    </div>
    <div
      className="MuiCardHeader-content css-1qbkelo-MuiCardHeader-content"
    >
      <span
        className="MuiTypography-root MuiTypography-body2 MuiCardHeader-title css-et1ao3-MuiTypography-root"
      >
        Calphalon Conjunto de assadeiras antiaderentes, conjunto de 6 peças
      </span>
      <span
        className="MuiTypography-root MuiTypography-body2 MuiCardHeader-subheader css-83ijpv-MuiTypography-root"
      />
    </div>
  </div>
  <img
    alt="Calphalon Conjunto de assadeiras antiaderentes, conjunto de 6 peças"
    className="MuiCardMedia-root MuiCardMedia-media MuiCardMedia-img css-17ibesn-MuiCardMedia-root"
    height="194"
    onClick={[Function]}
    src="https://m.media-amazon.com/images/I/81SJ7sZHKYL._AC_UF894,1000_QL80_FMwebp_.jpg"
  />
  <div
    className="MuiCardContent-root css-46bh2p-MuiCardContent-root"
  >
    <p
      className="MuiTypography-root MuiTypography-body2 css-r40f8v-MuiTypography-root"
    >
      O núcleo de aço de calibre pesado não deforma e aquece uniformemente sem pontos quentes para que seus biscoitos e bolos saiam do forno perfeitamen...
    </p>
  </div>
  <div
    className="MuiCardActions-root css-1rwjz6-MuiCardActions-root"
  >
    <div
      aria-label="Favorito dos noivos"
      aria-labelledby={null}
      className=""
      data-mui-internal-clone-element={true}
      onBlur={[Function]}
      onFocus={[Function]}
      onMouseLeave={[Function]}
      onMouseOver={[Function]}
      onTouchEnd={[Function]}
      onTouchStart={[Function]}
      style={
        {
          "color": "#757575",
          "cursor": "pointer",
          "margin": "1vh 0.25vw",
        }
      }
    >
      <svg
        aria-hidden={true}
        className="MuiSvgIcon-root MuiSvgIcon-fontSizeMedium css-i4bv87-MuiSvgIcon-root"
        data-testid="FavoriteIcon"
        focusable="false"
        viewBox="0 0 24 24"
      >
        <path
          d="m12 21.35-1.45-1.32C5.4 15.36 2 12.28 2 8.5 2 5.42 4.42 3 7.5 3c1.74 0 3.41.81 4.5 2.09C13.09 3.81 14.76 3 16.5 3 19.58 3 22 5.42 22 8.5c0 3.78-3.4 6.86-8.55 11.54L12 21.35z"
        />
      </svg>
    </div>
    <div
      aria-label="Comprar presente"
      aria-labelledby={null}
      className=""
      data-mui-internal-clone-element={true}
      onBlur={[Function]}
      onClick={[Function]}
      onFocus={[Function]}
      onMouseLeave={[Function]}
      onMouseOver={[Function]}
      onTouchEnd={[Function]}
      onTouchStart={[Function]}
      style={
        {
          "color": "#757575",
          "cursor": "pointer",
          "margin": "1vh 0.25vw",
        }
      }
    >
      <svg
        aria-hidden={true}
        className="MuiSvgIcon-root MuiSvgIcon-fontSizeMedium css-i4bv87-MuiSvgIcon-root"
        data-testid="AttachMoneyIcon"
        focusable="false"
        viewBox="0 0 24 24"
      >
        <path
          d="M11.8 10.9c-2.27-.59-3-1.2-3-2.15 0-1.09 1.01-1.85 2.7-1.85 1.78 0 2.44.85 2.5 2.1h2.21c-.07-1.72-1.12-3.3-3.21-3.81V3h-3v2.16c-1.94.42-3.5 1.68-3.5 3.61 0 2.31 1.91 3.46 4.7 4.13 2.5.6 3 1.48 3 2.41 0 .69-.49 1.79-2.7 1.79-2.06 0-2.87-.92-2.98-2.1h-2.2c.12 2.19 1.76 3.42 3.68 3.83V21h3v-2.15c1.95-.37 3.5-1.5 3.5-3.55 0-2.84-2.43-3.81-4.7-4.4z"
        />
      </svg>
    </div>
    <div
      aria-label="Copiar link"
      aria-labelledby={null}
      className=""
      data-mui-internal-clone-element={true}
      onBlur={[Function]}
      onClick={[Function]}
      onFocus={[Function]}
      onMouseLeave={[Function]}
      onMouseOver={[Function]}
      onTouchEnd={[Function]}
      onTouchStart={[Function]}
      style={
        {
          "color": "#757575",
          "cursor": "pointer",
          "margin": "1vh 0.25vw",
        }
      }
    >
      <svg
        aria-hidden={true}
        className="MuiSvgIcon-root MuiSvgIcon-fontSizeMedium css-i4bv87-MuiSvgIcon-root"
        data-testid="ShareIcon"
        focusable="false"
        viewBox="0 0 24 24"
      >
        <path
          d="M18 16.08c-.76 0-1.44.3-1.96.77L8.91 12.7c.05-.23.09-.46.09-.7s-.04-.47-.09-.7l7.05-4.11c.54.5 1.25.81 2.04.81 1.66 0 3-1.34 3-3s-1.34-3-3-3-3 1.34-3 3c0 .24.04.47.09.7L8.04 9.81C7.5 9.31 6.79 9 6 9c-1.66 0-3 1.34-3 3s1.34 3 3 3c.79 0 1.5-.31 2.04-.81l7.12 4.16c-.05.21-.08.43-.08.65 0 1.61 1.31 2.92 2.92 2.92 1.61 0 2.92-1.31 2.92-2.92s-1.31-2.92-2.92-2.92z"
        />
      </svg>
    </div>
  </div>
</div>
`;
