// Jest Snapshot v1, https://goo.gl/fbAQLP

exports[`<Footer/> Renderização deve renderizar Footer corretamente 1`] = `
<div>
  <div
    className="redesSociaisContainer"
  >
    <div
      className="redesSociaisText"
    >
      Siga nas redes sociais
    </div>
    <div />
    <div
      className="containerIcons"
    >
      <div
        className="iconsRedesSociais"
      >
        <svg
          aria-hidden={true}
          className="MuiSvgIcon-root MuiSvgIcon-fontSizeMedium css-i4bv87-MuiSvgIcon-root"
          data-testid="InstagramIcon"
          focusable="false"
          onClick={[Function]}
          viewBox="0 0 24 24"
        >
          <path
            d="M7.8 2h8.4C19.4 2 22 4.6 22 7.8v8.4a5.8 5.8 0 0 1-5.8 5.8H7.8C4.6 22 2 19.4 2 16.2V7.8A5.8 5.8 0 0 1 7.8 2m-.2 2A3.6 3.6 0 0 0 4 7.6v8.8C4 18.39 5.61 20 7.6 20h8.8a3.6 3.6 0 0 0 3.6-3.6V7.6C20 5.61 18.39 4 16.4 4H7.6m9.65 1.5a1.25 1.25 0 0 1 1.25 1.25A1.25 1.25 0 0 1 17.25 8 1.25 1.25 0 0 1 16 6.75a1.25 1.25 0 0 1 1.25-1.25M12 7a5 5 0 0 1 5 5 5 5 0 0 1-5 5 5 5 0 0 1-5-5 5 5 0 0 1 5-5m0 2a3 3 0 0 0-3 3 3 3 0 0 0 3 3 3 3 0 0 0 3-3 3 3 0 0 0-3-3z"
          />
        </svg>
      </div>
      <div
        className="iconsRedesSociais"
      >
        <svg
          aria-hidden={true}
          className="MuiSvgIcon-root MuiSvgIcon-fontSizeMedium css-i4bv87-MuiSvgIcon-root"
          data-testid="LinkedInIcon"
          focusable="false"
          onClick={[Function]}
          viewBox="0 0 24 24"
        >
          <path
            d="M19 3a2 2 0 0 1 2 2v14a2 2 0 0 1-2 2H5a2 2 0 0 1-2-2V5a2 2 0 0 1 2-2h14m-.5 15.5v-5.3a3.26 3.26 0 0 0-3.26-3.26c-.85 0-1.84.52-2.32 1.3v-1.11h-2.79v8.37h2.79v-4.93c0-.77.62-1.4 1.39-1.4a1.4 1.4 0 0 1 1.4 1.4v4.93h2.79M6.88 8.56a1.68 1.68 0 0 0 1.68-1.68c0-.93-.75-1.69-1.68-1.69a1.69 1.69 0 0 0-1.69 1.69c0 .93.76 1.68 1.69 1.68m1.39 9.94v-8.37H5.5v8.37h2.77z"
          />
        </svg>
      </div>
      <div
        className="iconsRedesSociais"
      >
        <svg
          aria-hidden={true}
          className="MuiSvgIcon-root MuiSvgIcon-fontSizeMedium css-i4bv87-MuiSvgIcon-root"
          data-testid="GitHubIcon"
          focusable="false"
          onClick={[Function]}
          viewBox="0 0 24 24"
        >
          <path
            d="M12 1.27a11 11 0 00-3.48 21.46c.55.09.73-.28.73-.55v-1.84c-3.03.64-3.67-1.46-3.67-1.46-.55-1.29-1.28-1.65-1.28-1.65-.92-.65.1-.65.1-.65 1.1 0 1.73 1.1 1.73 1.1.92 1.65 2.57 1.2 3.21.92a2 2 0 01.64-1.47c-2.47-.27-5.04-1.19-5.04-5.5 0-1.1.46-2.1 1.2-2.84a3.76 3.76 0 010-2.93s.91-.28 3.11 1.1c1.8-.49 3.7-.49 5.5 0 2.1-1.38 3.02-1.1 3.02-1.1a3.76 3.76 0 010 2.93c.83.74 1.2 1.74 1.2 2.94 0 4.21-2.57 5.13-5.04 5.4.45.37.82.92.82 2.02v3.03c0 .27.1.64.73.55A11 11 0 0012 1.27"
          />
        </svg>
      </div>
      <div
        className="iconsRedesSociais"
      >
        <svg
          aria-hidden={true}
          className="MuiSvgIcon-root MuiSvgIcon-fontSizeMedium css-i4bv87-MuiSvgIcon-root"
          data-testid="GoogleIcon"
          focusable="false"
          onClick={[Function]}
          viewBox="0 0 24 24"
        >
          <path
            d="M12.545,10.239v3.821h5.445c-0.712,2.315-2.647,3.972-5.445,3.972c-3.332,0-6.033-2.701-6.033-6.032s2.701-6.032,6.033-6.032c1.498,0,2.866,0.549,3.921,1.453l2.814-2.814C17.503,2.988,15.139,2,12.545,2C7.021,2,2.543,6.477,2.543,12s4.478,10,10.002,10c8.396,0,10.249-7.85,9.426-11.748L12.545,10.239z"
          />
        </svg>
      </div>
    </div>
  </div>
  <div
    className="maisInformacoesContainer"
  >
    <div
      className="gridInformacoes"
    >
      <div
        className="maisInformacoesTitle"
      >
        Mais informações
      </div>
      <div
        className="maisInformacoesBody"
      >
        Para auxiliar no meu sonho em casar no meio do ano de 2024, por isso resolvi eu mesmo fazer o site do meu casamento
      </div>
    </div>
    <div
      className="gridInformacoes"
    >
      <div
        className="maisInformacoesTitle"
      >
        Presentes
      </div>
      <div
        className="textLink"
        data-testid="item-presente"
        onClick={[Function]}
      >
        Calphalon Conjunto de assadeir...
      </div>
      <div
        className="textLink"
        data-testid="item-presente"
        onClick={[Function]}
      >
        Fritadeira Elétrica sem óleo/A...
      </div>
      <div
        className="textLink"
        data-testid="item-presente"
        onClick={[Function]}
      >
        Kit Philco PKT75 com Liquidifi...
      </div>
    </div>
    <div
      className="gridInformacoes"
    >
      <div
        className="maisInformacoesTitle"
      >
        Links importantes
      </div>
      <div
        className="textLink"
        onClick={[Function]}
      >
         
        Confirme sua presença
         
      </div>
      <div
        className="textLink"
        onClick={[Function]}
      >
         
        Escreva um recado
         
      </div>
      <div
        className="textLink"
        onClick={[Function]}
      >
         
        Lista de presentes
         
      </div>
    </div>
    <div
      className="gridInformacoes"
    >
      <div
        className="maisInformacoesTitle"
      >
        Contato
      </div>
      <div
        className="boxContato"
      >
        <svg
          aria-hidden={true}
          className="MuiSvgIcon-root MuiSvgIcon-fontSizeMedium css-i4bv87-MuiSvgIcon-root"
          data-testid="EmailIcon"
          focusable="false"
          viewBox="0 0 24 24"
        >
          <path
            d="M20 4H4c-1.1 0-1.99.9-1.99 2L2 18c0 1.1.9 2 2 2h16c1.1 0 2-.9 2-2V6c0-1.1-.9-2-2-2zm0 4-8 5-8-5V6l8 5 8-5v2z"
          />
        </svg>
        <div
          className="maisInformacoesBody"
        >
          lucasaugsue7@gmail.com
        </div>
      </div>
      <div
        className="boxContato"
      >
        <svg
          aria-hidden={true}
          className="MuiSvgIcon-root MuiSvgIcon-fontSizeMedium css-i4bv87-MuiSvgIcon-root"
          data-testid="CallIcon"
          focusable="false"
          viewBox="0 0 24 24"
        >
          <path
            d="M20.01 15.38c-1.23 0-2.42-.2-3.53-.56-.35-.12-.74-.03-1.01.24l-1.57 1.97c-2.83-1.35-5.48-3.9-6.89-6.83l1.95-1.66c.27-.28.35-.67.24-1.02-.37-1.11-.56-2.3-.56-3.53 0-.54-.45-.99-.99-.99H4.19C3.65 3 3 3.24 3 3.99 3 13.28 10.73 21 20.01 21c.71 0 .99-.63.99-1.18v-3.45c0-.54-.45-.99-.99-.99z"
          />
        </svg>
        <div
          className="maisInformacoesBody"
        >
          (61)98114-6060
        </div>
      </div>
    </div>
  </div>
  <div
    className="copyrightContainer"
  >
    <div />
    <div
      className="copyrightText"
    >
      @ 2023 Copyright lucasaugsue
    </div>
    <div />
  </div>
</div>
`;
