// Jest Snapshot v1, https://goo.gl/fbAQLP

exports[`Renderiza InformationDialog corretamente 1`] = `<div />`;
