// Jest Snapshot v1, https://goo.gl/fbAQLP

exports[`Renderiza PixDialog corretamente 1`] = `<div />`;
